
> abolition-georgia@0.0.1 build
> vite build

[36mvite v7.3.0 [32mbuilding ssr environment for production...[36m[39m
transforming...
1:42:56 PM [vite-plugin-svelte] src/lib/components/ExegesisModal.svelte:34:1 Visible, non-interactive elements with a click event must be accompanied by a keyboard event handler. Consider whether an interactive element such as `<button type="button">` or `<a>` might be more appropriate
https://svelte.dev/e/a11y_click_events_have_key_events
32: 
33: {#if showModal}
34:   <div
           ^
35:     class="fixed inset-0 bg-navy-deep/70 backdrop-blur-sm z-[100] flex items-center justify-center p-4 focus:outline-none"
36:     role="dialog"
1:42:56 PM [vite-plugin-svelte] src/lib/components/ExegesisModal.svelte:43:2 Visible, non-interactive elements with a click event must be accompanied by a keyboard event handler. Consider whether an interactive element such as `<button type="button">` or `<a>` might be more appropriate
https://svelte.dev/e/a11y_click_events_have_key_events
41:     transition:fly={{ duration: 300, y: 20, opacity: 0, easing: quintOut }}
42:   >
43:     <div
             ^
44:       class="bg-navy-light border border-gold/20 rounded-xl shadow-2xl max-w-2xl w-full max-h-[80vh] flex flex-col"
45:       role="document"
1:42:56 PM [vite-plugin-svelte] src/lib/components/ExegesisModal.svelte:43:2 Non-interactive element `<div>` should not be assigned mouse or keyboard event listeners
https://svelte.dev/e/a11y_no_noninteractive_element_interactions
41:     transition:fly={{ duration: 300, y: 20, opacity: 0, easing: quintOut }}
42:   >
43:     <div
             ^
44:       class="bg-navy-light border border-gold/20 rounded-xl shadow-2xl max-w-2xl w-full max-h-[80vh] flex flex-col"
45:       role="document"
[32mΓ£ô[39m 227 modules transformed.
rendering chunks...
[36mvite v7.3.0 [32mbuilding client environment for production...[36m[39m
transforming...
1:42:57 PM [vite-plugin-svelte] src/lib/components/ExegesisModal.svelte:34:1 Visible, non-interactive elements with a click event must be accompanied by a keyboard event handler. Consider whether an interactive element such as `<button type="button">` or `<a>` might be more appropriate
https://svelte.dev/e/a11y_click_events_have_key_events
32: 
33: {#if showModal}
34:   <div
           ^
35:     class="fixed inset-0 bg-navy-deep/70 backdrop-blur-sm z-[100] flex items-center justify-center p-4 focus:outline-none"
36:     role="dialog"
1:42:57 PM [vite-plugin-svelte] src/lib/components/ExegesisModal.svelte:43:2 Visible, non-interactive elements with a click event must be accompanied by a keyboard event handler. Consider whether an interactive element such as `<button type="button">` or `<a>` might be more appropriate
https://svelte.dev/e/a11y_click_events_have_key_events
41:     transition:fly={{ duration: 300, y: 20, opacity: 0, easing: quintOut }}
42:   >
43:     <div
             ^
44:       class="bg-navy-light border border-gold/20 rounded-xl shadow-2xl max-w-2xl w-full max-h-[80vh] flex flex-col"
45:       role="document"
1:42:57 PM [vite-plugin-svelte] src/lib/components/ExegesisModal.svelte:43:2 Non-interactive element `<div>` should not be assigned mouse or keyboard event listeners
https://svelte.dev/e/a11y_no_noninteractive_element_interactions
41:     transition:fly={{ duration: 300, y: 20, opacity: 0, easing: quintOut }}
42:   >
43:     <div
             ^
44:       class="bg-navy-light border border-gold/20 rounded-xl shadow-2xl max-w-2xl w-full max-h-[80vh] flex flex-col"
45:       role="document"
[32mΓ£ô[39m 489 modules transformed.
rendering chunks...
computing gzip size...
[2m.svelte-kit/output/client/[22m[32m_app/version.json                           [39m[1m[2m  0.03 kB[22m[1m[22m[2m Γöé gzip:  0.05 kB[22m
[2m.svelte-kit/output/client/[22m[32m.vite/manifest.json                         [39m[1m[2m 16.23 kB[22m[1m[22m[2m Γöé gzip:  1.85 kB[22m
[2m.svelte-kit/output/client/[22m[35m_app/immutable/assets/10.B2F3TIQq.css       [39m[1m[2m  0.11 kB[22m[1m[22m[2m Γöé gzip:  0.12 kB[22m
[2m.svelte-kit/output/client/[22m[35m_app/immutable/assets/4.BgK65JV2.css        [39m[1m[2m  0.17 kB[22m[1m[22m[2m Γöé gzip:  0.13 kB[22m
[2m.svelte-kit/output/client/[22m[35m_app/immutable/assets/8.tByeoNxT.css        [39m[1m[2m  0.21 kB[22m[1m[22m[2m Γöé gzip:  0.15 kB[22m
[2m.svelte-kit/output/client/[22m[35m_app/immutable/assets/14.DmTR3Oyl.css       [39m[1m[2m  0.26 kB[22m[1m[22m[2m Γöé gzip:  0.14 kB[22m
[2m.svelte-kit/output/client/[22m[35m_app/immutable/assets/18.Czfu9QTX.css       [39m[1m[2m  0.70 kB[22m[1m[22m[2m Γöé gzip:  0.33 kB[22m
[2m.svelte-kit/output/client/[22m[35m_app/immutable/assets/leaflet.CIGW-MKW.css  [39m[1m[2m 15.61 kB[22m[1m[22m[2m Γöé gzip:  6.46 kB[22m
[2m.svelte-kit/output/client/[22m[35m_app/immutable/assets/0.Bj1Cb9vV.css        [39m[1m[2m 68.56 kB[22m[1m[22m[2m Γöé gzip: 11.40 kB[22m
[2m.svelte-kit/output/client/[22m[36m_app/immutable/chunks/BMZMI-du.js           [39m[1m[2m  0.04 kB[22m[1m[22m[2m Γöé gzip:  0.06 kB[22m
[2m.svelte-kit/output/client/[22m[36m_app/immutable/entry/start.C1mJNGvr.js      [39m[1m[2m  0.12 kB[22m[1m[22m[2m Γöé gzip:  0.11 kB[22m
[2m.svelte-kit/output/client/[22m[36m_app/immutable/chunks/DJFdZOXp.js           [39m[1m[2m  0.14 kB[22m[1m[22m[2m Γöé gzip:  0.12 kB[22m
[2m.svelte-kit/output/client/[22m[36m_app/immutable/chunks/sASIvHFp.js           [39m[1m[2m  0.19 kB[22m[1m[22m[2m Γöé gzip:  0.17 kB[22m
[2m.svelte-kit/output/client/[22m[36m_app/immutable/chunks/Bfh70wKf.js           [39m[1m[2m  0.24 kB[22m[1m[22m[2m Γöé gzip:  0.20 kB[22m
[2m.svelte-kit/output/client/[22m[36m_app/immutable/chunks/DQ9wegHW.js           [39m[1m[2m  0.26 kB[22m[1m[22m[2m Γöé gzip:  0.20 kB[22m
[2m.svelte-kit/output/client/[22m[36m_app/immutable/chunks/BrdBp72D.js           [39m[1m[2m  0.30 kB[22m[1m[22m[2m Γöé gzip:  0.22 kB[22m
[2m.svelte-kit/output/client/[22m[36m_app/immutable/chunks/Dyz6xL-l.js           [39m[1m[2m  0.37 kB[22m[1m[22m[2m Γöé gzip:  0.28 kB[22m
[2m.svelte-kit/output/client/[22m[36m_app/immutable/chunks/CFovbCuG.js           [39m[1m[2m  0.52 kB[22m[1m[22m[2m Γöé gzip:  0.33 kB[22m
[2m.svelte-kit/output/client/[22m[36m_app/immutable/nodes/1.CQxonGtX.js          [39m[1m[2m  0.62 kB[22m[1m[22m[2m Γöé gzip:  0.37 kB[22m
[2m.svelte-kit/output/client/[22m[36m_app/immutable/chunks/CtaFTir0.js           [39m[1m[2m  0.63 kB[22m[1m[22m[2m Γöé gzip:  0.39 kB[22m
[2m.svelte-kit/output/client/[22m[36m_app/immutable/chunks/BOZwUnDS.js           [39m[1m[2m  0.63 kB[22m[1m[22m[2m Γöé gzip:  0.39 kB[22m
[2m.svelte-kit/output/client/[22m[36m_app/immutable/chunks/MLHHVL6O.js           [39m[1m[2m  0.76 kB[22m[1m[22m[2m Γöé gzip:  0.47 kB[22m
[2m.svelte-kit/output/client/[22m[36m_app/immutable/chunks/ChHFUDa7.js           [39m[1m[2m  0.77 kB[22m[1m[22m[2m Γöé gzip:  0.50 kB[22m
[2m.svelte-kit/output/client/[22m[36m_app/immutable/chunks/DFbaiXW0.js           [39m[1m[2m  0.93 kB[22m[1m[22m[2m Γöé gzip:  0.55 kB[22m
[2m.svelte-kit/output/client/[22m[36m_app/immutable/chunks/BZk1jkv7.js           [39m[1m[2m  1.00 kB[22m[1m[22m[2m Γöé gzip:  0.52 kB[22m
[2m.svelte-kit/output/client/[22m[36m_app/immutable/nodes/16.CuwqHLfI.js         [39m[1m[2m  1.14 kB[22m[1m[22m[2m Γöé gzip:  0.66 kB[22m
[2m.svelte-kit/output/client/[22m[36m_app/immutable/chunks/BIZQoEtA.js           [39m[1m[2m  1.14 kB[22m[1m[22m[2m Γöé gzip:  0.62 kB[22m
[2m.svelte-kit/output/client/[22m[36m_app/immutable/chunks/PPVm8Dsz.js           [39m[1m[2m  1.23 kB[22m[1m[22m[2m Γöé gzip:  0.71 kB[22m
[2m.svelte-kit/output/client/[22m[36m_app/immutable/chunks/CY5M9QH9.js           [39m[1m[2m  1.30 kB[22m[1m[22m[2m Γöé gzip:  0.71 kB[22m
[2m.svelte-kit/output/client/[22m[36m_app/immutable/chunks/BQJIW4hw.js           [39m[1m[2m  1.36 kB[22m[1m[22m[2m Γöé gzip:  0.79 kB[22m
[2m.svelte-kit/output/client/[22m[36m_app/immutable/chunks/B2oiWCv6.js           [39m[1m[2m  1.84 kB[22m[1m[22m[2m Γöé gzip:  0.84 kB[22m
[2m.svelte-kit/output/client/[22m[36m_app/immutable/nodes/4.BP6jJegJ.js          [39m[1m[2m  2.71 kB[22m[1m[22m[2m Γöé gzip:  1.23 kB[22m
[2m.svelte-kit/output/client/[22m[36m_app/immutable/nodes/17.BV9rB2Go.js         [39m[1m[2m  3.83 kB[22m[1m[22m[2m Γöé gzip:  1.54 kB[22m
[2m.svelte-kit/output/client/[22m[36m_app/immutable/chunks/D5uLbxCV.js           [39m[1m[2m  3.84 kB[22m[1m[22m[2m Γöé gzip:  1.82 kB[22m
[2m.svelte-kit/output/client/[22m[36m_app/immutable/nodes/7.BPypv0eZ.js          [39m[1m[2m  3.84 kB[22m[1m[22m[2m Γöé gzip:  1.78 kB[22m
[2m.svelte-kit/output/client/[22m[36m_app/immutable/chunks/D4dqfYOU.js           [39m[1m[2m  4.14 kB[22m[1m[22m[2m Γöé gzip:  1.98 kB[22m
[2m.svelte-kit/output/client/[22m[36m_app/immutable/nodes/19.pvFmAjza.js         [39m[1m[2m  4.34 kB[22m[1m[22m[2m Γöé gzip:  1.98 kB[22m
[2m.svelte-kit/output/client/[22m[36m_app/immutable/nodes/15.CEa_KaOi.js         [39m[1m[2m  4.41 kB[22m[1m[22m[2m Γöé gzip:  1.89 kB[22m
[2m.svelte-kit/output/client/[22m[36m_app/immutable/chunks/B7h0y9B8.js           [39m[1m[2m  4.62 kB[22m[1m[22m[2m Γöé gzip:  2.09 kB[22m
[2m.svelte-kit/output/client/[22m[36m_app/immutable/nodes/3.D7i9Xd1p.js          [39m[1m[2m  5.33 kB[22m[1m[22m[2m Γöé gzip:  2.60 kB[22m
[2m.svelte-kit/output/client/[22m[36m_app/immutable/chunks/C9szK5ru.js           [39m[1m[2m  6.18 kB[22m[1m[22m[2m Γöé gzip:  2.84 kB[22m
[2m.svelte-kit/output/client/[22m[36m_app/immutable/nodes/0.B-SoQSzy.js          [39m[1m[2m  6.41 kB[22m[1m[22m[2m Γöé gzip:  2.74 kB[22m
[2m.svelte-kit/output/client/[22m[36m_app/immutable/nodes/14.CtIKtSII.js         [39m[1m[2m  6.48 kB[22m[1m[22m[2m Γöé gzip:  2.30 kB[22m
[2m.svelte-kit/output/client/[22m[36m_app/immutable/entry/app.CF1sTYZ9.js        [39m[1m[2m  7.48 kB[22m[1m[22m[2m Γöé gzip:  2.85 kB[22m
[2m.svelte-kit/output/client/[22m[36m_app/immutable/nodes/8.CRet3uth.js          [39m[1m[2m  7.77 kB[22m[1m[22m[2m Γöé gzip:  3.15 kB[22m
[2m.svelte-kit/output/client/[22m[36m_app/immutable/nodes/6.BnJEMl4H.js          [39m[1m[2m  7.89 kB[22m[1m[22m[2m Γöé gzip:  3.48 kB[22m
[2m.svelte-kit/output/client/[22m[36m_app/immutable/nodes/18.BOFViu2D.js         [39m[1m[2m  8.35 kB[22m[1m[22m[2m Γöé gzip:  3.21 kB[22m
[2m.svelte-kit/output/client/[22m[36m_app/immutable/nodes/13.Bg6DW667.js         [39m[1m[2m  9.75 kB[22m[1m[22m[2m Γöé gzip:  3.26 kB[22m
[2m.svelte-kit/output/client/[22m[36m_app/immutable/chunks/DPEet7rf.js           [39m[1m[2m 10.23 kB[22m[1m[22m[2m Γöé gzip:  3.49 kB[22m
[2m.svelte-kit/output/client/[22m[36m_app/immutable/nodes/12.BuEZVNKr.js         [39m[1m[2m 11.24 kB[22m[1m[22m[2m Γöé gzip:  3.73 kB[22m
[2m.svelte-kit/output/client/[22m[36m_app/immutable/nodes/2.DIIO0Rgc.js          [39m[1m[2m 14.22 kB[22m[1m[22m[2m Γöé gzip:  4.88 kB[22m
[2m.svelte-kit/output/client/[22m[36m_app/immutable/nodes/5.CiJZPN0l.js          [39m[1m[2m 15.58 kB[22m[1m[22m[2m Γöé gzip:  5.25 kB[22m
[2m.svelte-kit/output/client/[22m[36m_app/immutable/nodes/9.Dx75Bua6.js          [39m[1m[2m 16.89 kB[22m[1m[22m[2m Γöé gzip:  6.64 kB[22m
[2m.svelte-kit/output/client/[22m[36m_app/immutable/nodes/10.BtJ9RFwY.js         [39m[1m[2m 17.63 kB[22m[1m[22m[2m Γöé gzip:  5.87 kB[22m
[2m.svelte-kit/output/client/[22m[36m_app/immutable/nodes/11.DH6SvTCE.js         [39m[1m[2m 17.92 kB[22m[1m[22m[2m Γöé gzip:  9.26 kB[22m
[2m.svelte-kit/output/client/[22m[36m_app/immutable/chunks/BidB_1cr.js           [39m[1m[2m 21.69 kB[22m[1m[22m[2m Γöé gzip:  8.67 kB[22m
[2m.svelte-kit/output/client/[22m[36m_app/immutable/chunks/rvO96ovo.js           [39m[1m[2m 22.30 kB[22m[1m[22m[2m Γöé gzip:  8.76 kB[22m
[2m.svelte-kit/output/client/[22m[36m_app/immutable/chunks/CjPBq9Bq.js           [39m[1m[2m149.97 kB[22m[1m[22m[2m Γöé gzip: 43.48 kB[22m
[32mΓ£ô built in 2.07s[39m

node:internal/event_target:1101
  process.nextTick(() => { throw err; });
                           ^
Error: 404 /HB441.pdf does not begin with `base`, which is configured in `paths.base` and can be imported from `$app/paths` - see https://svelte.dev/docs/kit/configuration#paths for more info (linked from /abolish_abortion_georgia/bill-analysis)
To suppress or handle this error, implement `handleHttpError` in https://svelte.dev/docs/kit/configuration#prerender
    at file:///C:/Users/skyle/projects/abolish_abortion_georgia/node_modules/@sveltejs/kit/src/core/config/options.js:220:13
    at file:///C:/Users/skyle/projects/abolish_abortion_georgia/node_modules/@sveltejs/kit/src/core/postbuild/prerender.js:75:25
    at visit (file:///C:/Users/skyle/projects/abolish_abortion_georgia/node_modules/@sveltejs/kit/src/core/postbuild/prerender.js:235:4)
    at Object.fn (file:///C:/Users/skyle/projects/abolish_abortion_georgia/node_modules/@sveltejs/kit/src/core/postbuild/prerender.js:224:22)
    at dequeue (file:///C:/Users/skyle/projects/abolish_abortion_georgia/node_modules/@sveltejs/kit/src/core/postbuild/queue.js:32:42)
    at file:///C:/Users/skyle/projects/abolish_abortion_georgia/node_modules/@sveltejs/kit/src/core/postbuild/queue.js:41:7

Node.js v22.18.0
